

================================================================
== Vitis HLS Report for 'cordic'
================================================================
* Date:           Wed Aug 10 21:27:23 2022

* Version:        2022.1.1 (Build 3557992 on Fri Jun  3 09:58:00 MDT 2022)
* Project:        CORDIC
* Solution:       solution1 (Vivado IP Flow Target)
* Product family: zynquplus
* Target device:  xczu7ev-ffvc1156-2-e


================================================================
== Performance Estimates
================================================================
+ Timing: 
    * Summary: 
    +--------+---------+----------+------------+
    |  Clock |  Target | Estimated| Uncertainty|
    +--------+---------+----------+------------+
    |ap_clk  |  8.00 ns|  5.765 ns|     2.16 ns|
    +--------+---------+----------+------------+

+ Latency: 
    * Summary: 
    +---------+---------+-----------+-----------+-----+-----+---------+
    |  Latency (cycles) |   Latency (absolute)  |  Interval | Pipeline|
    |   min   |   max   |    min    |    max    | min | max |   Type  |
    +---------+---------+-----------+-----------+-----+-----+---------+
    |        3|        3|  24.000 ns|  24.000 ns|    4|    4|       no|
    +---------+---------+-----------+-----------+-----+-----+---------+

    + Detail: 
        * Instance: 
        N/A

        * Loop: 
        N/A



================================================================
== Utilization Estimates
================================================================
* Summary: 
+-----------------+---------+------+--------+--------+-----+
|       Name      | BRAM_18K|  DSP |   FF   |   LUT  | URAM|
+-----------------+---------+------+--------+--------+-----+
|DSP              |        -|     -|       -|       -|    -|
|Expression       |        -|     -|       0|    3683|    -|
|FIFO             |        -|     -|       -|       -|    -|
|Instance         |        0|     -|     138|     208|    0|
|Memory           |        -|     -|       -|       -|    -|
|Multiplexer      |        -|     -|       -|      26|    -|
|Register         |        -|     -|     346|       -|    -|
+-----------------+---------+------+--------+--------+-----+
|Total            |        0|     0|     484|    3917|    0|
+-----------------+---------+------+--------+--------+-----+
|Available        |      624|  1728|  460800|  230400|   96|
+-----------------+---------+------+--------+--------+-----+
|Utilization (%)  |        0|     0|      ~0|       1|    0|
+-----------------+---------+------+--------+--------+-----+

+ Detail: 
    * Instance: 
    +-----------------+---------------+---------+----+-----+-----+-----+
    |     Instance    |     Module    | BRAM_18K| DSP|  FF | LUT | URAM|
    +-----------------+---------------+---------+----+-----+-----+-----+
    |control_s_axi_U  |control_s_axi  |        0|   0|  138|  208|    0|
    +-----------------+---------------+---------+----+-----+-----+-----+
    |Total            |               |        0|   0|  138|  208|    0|
    +-----------------+---------------+---------+----+-----+-----+-----+

    * DSP: 
    N/A

    * Memory: 
    N/A

    * FIFO: 
    N/A

    * Expression: 
    +-----------------------------+----------+----+---+----+------------+------------+
    |        Variable Name        | Operation| DSP| FF| LUT| Bitwidth P0| Bitwidth P1|
    +-----------------------------+----------+----+---+----+------------+------------+
    |add_ln1697_10_fu_864_p2      |         +|   0|  0|  28|          28|          21|
    |add_ln1697_12_fu_968_p2      |         +|   0|  0|  28|          28|          20|
    |add_ln1697_14_fu_1091_p2     |         +|   0|  0|  28|          28|          19|
    |add_ln1697_16_fu_1168_p2     |         +|   0|  0|  28|          28|          18|
    |add_ln1697_18_fu_1272_p2     |         +|   0|  0|  28|          28|          17|
    |add_ln1697_20_fu_1376_p2     |         +|   0|  0|  28|          28|          16|
    |add_ln1697_22_fu_1499_p2     |         +|   0|  0|  28|          28|          15|
    |add_ln1697_24_fu_1576_p2     |         +|   0|  0|  28|          28|          14|
    |add_ln1697_26_fu_1680_p2     |         +|   0|  0|  28|          28|          13|
    |add_ln1697_2_fu_448_p2       |         +|   0|  0|  28|          28|          25|
    |add_ln1697_4_fu_556_p2       |         +|   0|  0|  28|          28|          24|
    |add_ln1697_6_fu_657_p2       |         +|   0|  0|  28|          28|          23|
    |add_ln1697_8_fu_760_p2       |         +|   0|  0|  28|          28|          22|
    |add_ln1697_fu_336_p2         |         +|   0|  0|  28|          28|          26|
    |add_ln859_10_fu_918_p2       |         +|   0|  0|  33|          26|          26|
    |add_ln859_11_fu_924_p2       |         +|   0|  0|  31|          24|          24|
    |add_ln859_12_fu_1022_p2      |         +|   0|  0|  33|          26|          26|
    |add_ln859_13_fu_1028_p2      |         +|   0|  0|  31|          24|          24|
    |add_ln859_14_fu_1121_p2      |         +|   0|  0|  33|          26|          26|
    |add_ln859_15_fu_1126_p2      |         +|   0|  0|  31|          24|          24|
    |add_ln859_16_fu_1222_p2      |         +|   0|  0|  33|          26|          26|
    |add_ln859_17_fu_1228_p2      |         +|   0|  0|  31|          24|          24|
    |add_ln859_18_fu_1326_p2      |         +|   0|  0|  33|          26|          26|
    |add_ln859_19_fu_1332_p2      |         +|   0|  0|  31|          24|          24|
    |add_ln859_1_fu_396_p2        |         +|   0|  0|  28|          21|          21|
    |add_ln859_20_fu_1430_p2      |         +|   0|  0|  33|          26|          26|
    |add_ln859_21_fu_1436_p2      |         +|   0|  0|  31|          24|          24|
    |add_ln859_22_fu_1529_p2      |         +|   0|  0|  33|          26|          26|
    |add_ln859_23_fu_1534_p2      |         +|   0|  0|  31|          24|          24|
    |add_ln859_24_fu_1630_p2      |         +|   0|  0|  33|          26|          26|
    |add_ln859_25_fu_1636_p2      |         +|   0|  0|  31|          24|          24|
    |add_ln859_26_fu_1734_p2      |         +|   0|  0|  33|          26|          26|
    |add_ln859_27_fu_1740_p2      |         +|   0|  0|  31|          24|          24|
    |add_ln859_2_fu_502_p2        |         +|   0|  0|  33|          26|          26|
    |add_ln859_3_fu_508_p2        |         +|   0|  0|  29|          22|          22|
    |add_ln859_4_fu_610_p2        |         +|   0|  0|  33|          26|          26|
    |add_ln859_5_fu_616_p2        |         +|   0|  0|  30|          23|          23|
    |add_ln859_6_fu_710_p2        |         +|   0|  0|  33|          26|          26|
    |add_ln859_7_fu_716_p2        |         +|   0|  0|  31|          24|          24|
    |add_ln859_8_fu_814_p2        |         +|   0|  0|  33|          26|          26|
    |add_ln859_9_fu_820_p2        |         +|   0|  0|  31|          24|          24|
    |add_ln859_fu_390_p2          |         +|   0|  0|  29|          22|          22|
    |theta_V_10_fu_1278_p2        |         +|   0|  0|  28|          28|          28|
    |theta_V_11_fu_1382_p2        |         +|   0|  0|  28|          28|          28|
    |theta_V_12_fu_1504_p2        |         +|   0|  0|  28|          28|          28|
    |theta_V_13_fu_1582_p2        |         +|   0|  0|  28|          28|          28|
    |theta_V_14_fu_1686_p2        |         +|   0|  0|  28|          28|          28|
    |theta_V_1_fu_342_p2          |         +|   0|  0|  28|          28|          28|
    |theta_V_2_fu_454_p2          |         +|   0|  0|  28|          28|          28|
    |theta_V_3_fu_562_p2          |         +|   0|  0|  28|          28|          28|
    |theta_V_4_fu_662_p2          |         +|   0|  0|  28|          28|          28|
    |theta_V_5_fu_766_p2          |         +|   0|  0|  28|          28|          28|
    |theta_V_6_fu_870_p2          |         +|   0|  0|  28|          28|          28|
    |theta_V_7_fu_974_p2          |         +|   0|  0|  28|          28|          28|
    |theta_V_8_fu_1096_p2         |         +|   0|  0|  28|          28|          28|
    |theta_V_9_fu_1174_p2         |         +|   0|  0|  28|          28|          28|
    |theta_V_fu_250_p2            |         +|   0|  0|  35|          28|          28|
    |sub_ln859_10_fu_912_p2       |         -|   0|  0|  31|          24|          24|
    |sub_ln859_11_fu_930_p2       |         -|   0|  0|  33|          26|          26|
    |sub_ln859_12_fu_1016_p2      |         -|   0|  0|  31|          24|          24|
    |sub_ln859_13_fu_1034_p2      |         -|   0|  0|  33|          26|          26|
    |sub_ln859_14_fu_1116_p2      |         -|   0|  0|  31|          24|          24|
    |sub_ln859_15_fu_1131_p2      |         -|   0|  0|  33|          26|          26|
    |sub_ln859_16_fu_1216_p2      |         -|   0|  0|  31|          24|          24|
    |sub_ln859_17_fu_1234_p2      |         -|   0|  0|  33|          26|          26|
    |sub_ln859_18_fu_1320_p2      |         -|   0|  0|  31|          24|          24|
    |sub_ln859_19_fu_1338_p2      |         -|   0|  0|  33|          26|          26|
    |sub_ln859_1_fu_402_p2        |         -|   0|  0|  29|          22|          22|
    |sub_ln859_20_fu_1424_p2      |         -|   0|  0|  31|          24|          24|
    |sub_ln859_21_fu_1442_p2      |         -|   0|  0|  33|          26|          26|
    |sub_ln859_22_fu_1524_p2      |         -|   0|  0|  31|          24|          24|
    |sub_ln859_23_fu_1539_p2      |         -|   0|  0|  33|          26|          26|
    |sub_ln859_24_fu_1624_p2      |         -|   0|  0|  31|          24|          24|
    |sub_ln859_25_fu_1642_p2      |         -|   0|  0|  33|          26|          26|
    |sub_ln859_26_fu_1728_p2      |         -|   0|  0|  31|          24|          24|
    |sub_ln859_27_fu_1746_p2      |         -|   0|  0|  33|          26|          26|
    |sub_ln859_2_fu_496_p2        |         -|   0|  0|  29|          22|          22|
    |sub_ln859_3_fu_514_p2        |         -|   0|  0|  33|          26|          26|
    |sub_ln859_4_fu_604_p2        |         -|   0|  0|  30|          23|          23|
    |sub_ln859_5_fu_622_p2        |         -|   0|  0|  33|          26|          26|
    |sub_ln859_6_fu_704_p2        |         -|   0|  0|  31|          24|          24|
    |sub_ln859_7_fu_722_p2        |         -|   0|  0|  33|          26|          26|
    |sub_ln859_8_fu_808_p2        |         -|   0|  0|  31|          24|          24|
    |sub_ln859_9_fu_826_p2        |         -|   0|  0|  33|          26|          26|
    |sub_ln859_fu_384_p2          |         -|   0|  0|  28|          21|          21|
    |select_ln1393_fu_272_p3      |    select|   0|  0|  19|           1|          20|
    |select_ln1534_fu_308_p3      |    select|   0|  0|  19|           1|          20|
    |select_ln1697_10_fu_650_p3   |    select|   0|  0|  22|           1|          23|
    |select_ln1697_11_fu_728_p3   |    select|   0|  0|  26|           1|          26|
    |select_ln1697_12_fu_736_p3   |    select|   0|  0|  24|           1|          24|
    |select_ln1697_13_fu_752_p3   |    select|   0|  0|  21|           1|          22|
    |select_ln1697_14_fu_832_p3   |    select|   0|  0|  26|           1|          26|
    |select_ln1697_15_fu_840_p3   |    select|   0|  0|  24|           1|          24|
    |select_ln1697_16_fu_856_p3   |    select|   0|  0|  20|           1|          21|
    |select_ln1697_17_fu_936_p3   |    select|   0|  0|  26|           1|          26|
    |select_ln1697_18_fu_944_p3   |    select|   0|  0|  24|           1|          24|
    |select_ln1697_19_fu_960_p3   |    select|   0|  0|  19|           1|          20|
    |select_ln1697_1_fu_328_p3    |    select|   0|  0|  26|           1|          26|
    |select_ln1697_20_fu_1040_p3  |    select|   0|  0|  26|           1|          26|
    |select_ln1697_21_fu_1048_p3  |    select|   0|  0|  24|           1|          24|
    |select_ln1697_22_fu_1084_p3  |    select|   0|  0|  18|           1|          19|
    |select_ln1697_23_fu_1136_p3  |    select|   0|  0|  26|           1|          26|
    |select_ln1697_24_fu_1144_p3  |    select|   0|  0|  24|           1|          24|
    |select_ln1697_25_fu_1160_p3  |    select|   0|  0|  17|           1|          18|
    |select_ln1697_26_fu_1240_p3  |    select|   0|  0|  26|           1|          26|
    |select_ln1697_27_fu_1248_p3  |    select|   0|  0|  24|           1|          24|
    |select_ln1697_28_fu_1264_p3  |    select|   0|  0|  16|           1|          17|
    |select_ln1697_29_fu_1344_p3  |    select|   0|  0|  26|           1|          26|
    |select_ln1697_2_fu_408_p3    |    select|   0|  0|  21|           1|          22|
    |select_ln1697_30_fu_1352_p3  |    select|   0|  0|  24|           1|          24|
    |select_ln1697_31_fu_1368_p3  |    select|   0|  0|  16|           1|          16|
    |select_ln1697_32_fu_1448_p3  |    select|   0|  0|  26|           1|          26|
    |select_ln1697_33_fu_1456_p3  |    select|   0|  0|  24|           1|          24|
    |select_ln1697_34_fu_1492_p3  |    select|   0|  0|  15|           1|          15|
    |select_ln1697_35_fu_1544_p3  |    select|   0|  0|  26|           1|          26|
    |select_ln1697_36_fu_1552_p3  |    select|   0|  0|  24|           1|          24|
    |select_ln1697_37_fu_1568_p3  |    select|   0|  0|  14|           1|          14|
    |select_ln1697_38_fu_1648_p3  |    select|   0|  0|  26|           1|          26|
    |select_ln1697_39_fu_1656_p3  |    select|   0|  0|  24|           1|          24|
    |select_ln1697_3_fu_420_p3    |    select|   0|  0|  20|           1|          21|
    |select_ln1697_40_fu_1672_p3  |    select|   0|  0|  12|           1|          13|
    |select_ln1697_4_fu_440_p3    |    select|   0|  0|  25|           1|          25|
    |select_ln1697_5_fu_520_p3    |    select|   0|  0|  26|           1|          26|
    |select_ln1697_6_fu_528_p3    |    select|   0|  0|  21|           1|          22|
    |select_ln1697_7_fu_548_p3    |    select|   0|  0|  24|           1|          24|
    |select_ln1697_8_fu_636_p3    |    select|   0|  0|  26|           1|          26|
    |select_ln1697_9_fu_641_p3    |    select|   0|  0|  22|           1|          23|
    |select_ln1697_fu_296_p3      |    select|   0|  0|  20|           1|          21|
    |select_ln33_1_fu_1765_p3     |    select|   0|  0|  24|           1|          24|
    |select_ln33_2_fu_242_p3      |    select|   0|  0|  27|           1|          26|
    |select_ln33_fu_1752_p3       |    select|   0|  0|  26|           1|          26|
    |select_ln859_1_fu_280_p3     |    select|   0|  0|  18|           1|          19|
    |select_ln859_2_fu_288_p3     |    select|   0|  0|  20|           1|          21|
    |select_ln859_fu_264_p3       |    select|   0|  0|  18|           1|          18|
    +-----------------------------+----------+----+---+----+------------+------------+
    |Total                        |          |   0|  0|3683|        2241|        3181|
    +-----------------------------+----------+----+---+----+------------+------------+

    * Multiplexer: 
    +-----------+----+-----------+-----+-----------+
    |    Name   | LUT| Input Size| Bits| Total Bits|
    +-----------+----+-----------+-----+-----------+
    |ap_NS_fsm  |  26|          5|    1|          5|
    +-----------+----+-----------+-----+-----------+
    |Total      |  26|          5|    1|          5|
    +-----------+----+-----------+-----+-----------+

    * Register: 
    +---------------------------+----+----+-----+-----------+
    |            Name           | FF | LUT| Bits| Const Bits|
    +---------------------------+----+----+-----+-----------+
    |add_ln859_4_reg_1794       |  26|   0|   26|          0|
    |add_ln859_5_reg_1799       |  23|   0|   23|          0|
    |ap_CS_fsm                  |   4|   0|    4|          0|
    |select_ln1697_20_reg_1819  |  26|   0|   26|          0|
    |select_ln1697_21_reg_1825  |  24|   0|   24|          0|
    |select_ln1697_32_reg_1851  |  26|   0|   26|          0|
    |select_ln1697_33_reg_1857  |  24|   0|   24|          0|
    |sub_ln859_4_reg_1789       |  23|   0|   23|          0|
    |sub_ln859_5_reg_1804       |  26|   0|   26|          0|
    |theta_V_11_reg_1846        |  28|   0|   28|          0|
    |theta_V_3_reg_1778         |  28|   0|   28|          0|
    |theta_V_7_reg_1814         |  28|   0|   28|          0|
    |tmp_10_reg_1809            |   1|   0|    1|          0|
    |tmp_23_reg_1831            |   1|   0|    1|          0|
    |tmp_24_reg_1836            |  15|   0|   15|          0|
    |tmp_25_reg_1841            |  17|   0|   17|          0|
    |tmp_39_reg_1863            |   1|   0|    1|          0|
    |tmp_40_reg_1868            |  11|   0|   11|          0|
    |tmp_41_reg_1873            |  13|   0|   13|          0|
    |tmp_9_reg_1783             |   1|   0|    1|          0|
    +---------------------------+----+----+-----+-----------+
    |Total                      | 346|   0|  346|          0|
    +---------------------------+----+----+-----+-----------+



================================================================
== Interface
================================================================
* Summary: 
+-----------------------+-----+-----+------------+--------------+--------------+
|       RTL Ports       | Dir | Bits|  Protocol  | Source Object|    C Type    |
+-----------------------+-----+-----+------------+--------------+--------------+
|s_axi_control_AWVALID  |   in|    1|       s_axi|       control|       pointer|
|s_axi_control_AWREADY  |  out|    1|       s_axi|       control|       pointer|
|s_axi_control_AWADDR   |   in|    6|       s_axi|       control|       pointer|
|s_axi_control_WVALID   |   in|    1|       s_axi|       control|       pointer|
|s_axi_control_WREADY   |  out|    1|       s_axi|       control|       pointer|
|s_axi_control_WDATA    |   in|   32|       s_axi|       control|       pointer|
|s_axi_control_WSTRB    |   in|    4|       s_axi|       control|       pointer|
|s_axi_control_ARVALID  |   in|    1|       s_axi|       control|       pointer|
|s_axi_control_ARREADY  |  out|    1|       s_axi|       control|       pointer|
|s_axi_control_ARADDR   |   in|    6|       s_axi|       control|       pointer|
|s_axi_control_RVALID   |  out|    1|       s_axi|       control|       pointer|
|s_axi_control_RREADY   |   in|    1|       s_axi|       control|       pointer|
|s_axi_control_RDATA    |  out|   32|       s_axi|       control|       pointer|
|s_axi_control_RRESP    |  out|    2|       s_axi|       control|       pointer|
|s_axi_control_BVALID   |  out|    1|       s_axi|       control|       pointer|
|s_axi_control_BREADY   |   in|    1|       s_axi|       control|       pointer|
|s_axi_control_BRESP    |  out|    2|       s_axi|       control|       pointer|
|ap_clk                 |   in|    1|  ap_ctrl_hs|        cordic|  return value|
|ap_rst_n               |   in|    1|  ap_ctrl_hs|        cordic|  return value|
|interrupt              |  out|    1|  ap_ctrl_hs|        cordic|  return value|
+-----------------------+-----+-----+------------+--------------+--------------+

